<?xml version="1.0" encoding="UTF-8"?><result>
  <map noOfEntries="2">
    <entry value="Mukul Joseph Gary John Henry" key="names"/>
    <entry value="1 2 3 4 5" key="ids"/>
  </map>
</result>
