<?xml version="1.0" encoding="UTF-8"?><result>
  <map noOfEntries="2">
    <entry key="names">Mukul Joseph Gary John Henry</entry>
    <entry key="ids">1 2 3 4 5</entry>
  </map>
</result>
