<?xml version="1.0" encoding="UTF-8"?><innerMap>
  <entry>
    <key>x1</key>
    <value>p</value>
  </entry>
  <entry>
    <key>x2</key>
    <value>q</value>
  </entry>
  <entry>
    <key>x3</key>
    <value>r</value>
  </entry>
  <entry>
    <key>x4</key>
    <value>s</value>
  </entry>
  <entry>
    <key>x5</key>
    <value>t</value>
  </entry>
</innerMap>
