<?xml version="1.0" encoding="UTF-8"?><result>
  <one>4.207354924039483 4.546487134128409 0.7056000402993361</one>
  <two>4.207354924039483 4.546487134128409 0.7056000402993361 20 25</two>
</result>
