<?xml version="1.0" encoding="UTF-8"?><result>
  <one>1 2</one>
  <two>1 2</two>
</result>
