<?xml version="1.0" encoding="UTF-8"?><result>
  <baseUri1 isOfTypeXsAnyURI="true">https://svn.apache.org/repos/asf/xerces/java/trunk/tests/jaxp/data/personal-schema.xml</baseUri1>
  <baseUri2 isOfTypeXsAnyURI="true">https://svn.apache.org/repos/asf/xerces/java/trunk/tests/jaxp/data/personal-schema.xml</baseUri2>
  <baseUriOfEmptySequenceIsEmptySequence>true</baseUriOfEmptySequenceIsEmptySequence>
</result>
